netcdf hex_3x3x2_ss {
dimensions:
	len_string = 33 ;
	len_line = 81 ;
	four = 4 ;
	time_step = UNLIMITED ; // (0 currently)
	num_dim = 3 ;
	num_nodes = 18 ;
	num_elem = 4 ;
	num_el_blk = 1 ;
	num_qa_rec = 1 ;
	num_side_sets = 7 ;
	num_side_ss1 = 16 ;
	num_df_ss1 = 64 ;
	num_side_ss2 = 4 ;
	num_df_ss2 = 16 ;
	num_side_ss3 = 4 ;
	num_df_ss3 = 16 ;
	num_side_ss4 = 2 ;
	num_df_ss4 = 8 ;
	num_side_ss5 = 2 ;
	num_df_ss5 = 8 ;
	num_side_ss6 = 2 ;
	num_df_ss6 = 8 ;
	num_side_ss7 = 2 ;
	num_df_ss7 = 8 ;
	num_el_in_blk1 = 4 ;
	num_nod_per_el1 = 8 ;
variables:
	double time_whole(time_step) ;
	char qa_records(num_qa_rec, four, len_string) ;
	char coor_names(num_dim, len_string) ;
	char eb_names(num_el_blk, len_string) ;
	int ss_status(num_side_sets) ;
	int ss_prop1(num_side_sets) ;
		ss_prop1:name = "ID" ;
	char ss_names(num_side_sets, len_string) ;
	int elem_ss1(num_side_ss1) ;
	int side_ss1(num_side_ss1) ;
	double dist_fact_ss1(num_df_ss1) ;
	int elem_ss2(num_side_ss2) ;
	int side_ss2(num_side_ss2) ;
	double dist_fact_ss2(num_df_ss2) ;
	int elem_ss3(num_side_ss3) ;
	int side_ss3(num_side_ss3) ;
	double dist_fact_ss3(num_df_ss3) ;
	int elem_ss4(num_side_ss4) ;
	int side_ss4(num_side_ss4) ;
	double dist_fact_ss4(num_df_ss4) ;
	int elem_ss5(num_side_ss5) ;
	int side_ss5(num_side_ss5) ;
	double dist_fact_ss5(num_df_ss5) ;
	int elem_ss6(num_side_ss6) ;
	int side_ss6(num_side_ss6) ;
	double dist_fact_ss6(num_df_ss6) ;
	int elem_ss7(num_side_ss7) ;
	int side_ss7(num_side_ss7) ;
	double dist_fact_ss7(num_df_ss7) ;
	int elem_map(num_elem) ;
	int eb_status(num_el_blk) ;
	int eb_prop1(num_el_blk) ;
		eb_prop1:name = "ID" ;
	int connect1(num_el_in_blk1, num_nod_per_el1) ;
		connect1:elem_type = "HEX8" ;
	double coord(num_dim, num_nodes) ;

// global attributes:
		:api_version = 4.57f ;
		:version = 4.57f ;
		:floating_point_word_size = 8 ;
		:file_size = 0 ;
		:title = "cubit(hex_2x2x1_ss.exo): 10/22/2010: 14:05:06" ;
data:

 qa_records =
  "CUBIT",
  "11.1",
  "10/22/2010",
  "14:05:06" ;

 coor_names =
  "x",
  "y",
  "z" ;

 eb_names =
  "" ;

 ss_status = 1, 1, 1, 1, 1, 1, 1 ;

 ss_prop1 = 1, 101, 102, 103, 104, 105, 106 ;

 ss_names =
  "",
  "",
  "",
  "",
  "",
  "",
  "" ;

 elem_ss1 = 1, 2, 3, 4, 1, 2, 3, 4, 1, 3, 1, 2, 2, 4, 3, 4 ;

 side_ss1 = 4, 4, 4, 4, 2, 2, 2, 2, 1, 1, 5, 5, 3, 3, 6, 6 ;

 dist_fact_ss1 = 1, 1, 1, 1, 1, 1, 1, 1, 1, 1, 1, 1, 1, 1, 1, 1, 1, 1, 1, 1, 
    1, 1, 1, 1, 1, 1, 1, 1, 1, 1, 1, 1, 1, 1, 1, 1, 1, 1, 1, 1, 1, 1, 1, 1, 
    1, 1, 1, 1, 1, 1, 1, 1, 1, 1, 1, 1, 1, 1, 1, 1, 1, 1, 1, 1 ;

 elem_ss2 = 1, 2, 3, 4 ;

 side_ss2 = 4, 4, 4, 4 ;

 dist_fact_ss2 = 1, 1, 1, 1, 1, 1, 1, 1, 1, 1, 1, 1, 1, 1, 1, 1 ;

 elem_ss3 = 1, 2, 3, 4 ;

 side_ss3 = 2, 2, 2, 2 ;

 dist_fact_ss3 = 1, 1, 1, 1, 1, 1, 1, 1, 1, 1, 1, 1, 1, 1, 1, 1 ;

 elem_ss4 = 1, 3 ;

 side_ss4 = 1, 1 ;

 dist_fact_ss4 = 1, 1, 1, 1, 1, 1, 1, 1 ;

 elem_ss5 = 1, 2 ;

 side_ss5 = 5, 5 ;

 dist_fact_ss5 = 1, 1, 1, 1, 1, 1, 1, 1 ;

 elem_ss6 = 2, 4 ;

 side_ss6 = 3, 3 ;

 dist_fact_ss6 = 1, 1, 1, 1, 1, 1, 1, 1 ;

 elem_ss7 = 3, 4 ;

 side_ss7 = 6, 6 ;

 dist_fact_ss7 = 1, 1, 1, 1, 1, 1, 1, 1 ;

 elem_map = 1, 2, 3, 4 ;

 eb_status = 1 ;

 eb_prop1 = 1 ;

 connect1 =
  1, 2, 3, 4, 5, 6, 7, 8,
  4, 3, 9, 10, 8, 7, 11, 12,
  5, 6, 7, 8, 13, 14, 15, 16,
  8, 7, 11, 12, 16, 15, 17, 18 ;

 coord =
  -0.5, -0.5, -0.5, -0.5, 0, 0, 0, 0, -0.5, -0.5, 0, 0, 0.5, 0.5, 0.5, 0.5, 
    0.5, 0.5,
  -0.5, -0.5, 0, 0, -0.5, -0.5, 0, 0, 0.5, 0.5, 0.5, 0.5, -0.5, -0.5, 0, 0, 
    0.5, 0.5,
  0.25, -0.25, -0.25, 0.25, 0.25, -0.25, -0.25, 0.25, -0.25, 0.25, -0.25, 
    0.25, 0.25, -0.25, -0.25, 0.25, -0.25, 0.25 ;
}
